# AI Stack Troubleshooting Report
Generated: 2026-02-16T01:57:35-08:00
Namespace: ai-stack
Host: nixos

## System Summary

$ uname -a
Linux nixos 6.12.53 #1-NixOS SMP PREEMPT_DYNAMIC Wed Oct 15 10:00:25 UTC 2025 x86_64 GNU/Linux

$ uptime
 01:57:35  up   3:17,  2 users,  load average: 3.77, 3.17, 2.99

$ df -h
Filesystem                                                      Size  Used Avail Use% Mounted on
devtmpfs                                                        1.4G     0  1.4G   0% /dev
tmpfs                                                            14G   65M   14G   1% /dev/shm
tmpfs                                                           6.9G   17M  6.8G   1% /run
/dev/nvme0n1p2                                                  908G  722G  140G  84% /
efivarfs                                                        248K  149K   94K  62% /sys/firmware/efi/efivars
tmpfs                                                            14G  2.4M   14G   1% /run/wrappers
/dev/nvme0n1p1                                                 1022M  235M  788M  23% /boot
tmpfs                                                           2.8G   80K  2.8G   1% /run/user/1000
/nix/store/n6xrabgrvhp7msm9v2ld6zc3swjk6k2l-etc-metadata.erofs   48K   48K     0 100% /run/nixos-etc-metadata.OEecb50GUc
overlay                                                         908G  722G  140G  84% /etc
tmpfs                                                           1.0M     0  1.0M   0% /run/credentials/systemd-journald.service
tmpfs                                                            14G   20M   14G   1% /tmp
tmpfs                                                           1.0M     0  1.0M   0% /run/credentials/systemd-resolved.service

## Kubernetes Status

$ kubectl get nodes -o wide
E0216 01:57:35.400110  426878 memcache.go:265] "Unhandled Error" err="couldn't get current server API group list: Get \"https://127.0.0.1:6443/api?timeout=32s\": dial tcp 127.0.0.1:6443: socket: operation not permitted"
E0216 01:57:35.400596  426878 memcache.go:265] "Unhandled Error" err="couldn't get current server API group list: Get \"https://127.0.0.1:6443/api?timeout=32s\": dial tcp 127.0.0.1:6443: socket: operation not permitted"
E0216 01:57:35.402220  426878 memcache.go:265] "Unhandled Error" err="couldn't get current server API group list: Get \"https://127.0.0.1:6443/api?timeout=32s\": dial tcp 127.0.0.1:6443: socket: operation not permitted"
E0216 01:57:35.402650  426878 memcache.go:265] "Unhandled Error" err="couldn't get current server API group list: Get \"https://127.0.0.1:6443/api?timeout=32s\": dial tcp 127.0.0.1:6443: socket: operation not permitted"
E0216 01:57:35.404218  426878 memcache.go:265] "Unhandled Error" err="couldn't get current server API group list: Get \"https://127.0.0.1:6443/api?timeout=32s\": dial tcp 127.0.0.1:6443: socket: operation not permitted"
Unable to connect to the server: dial tcp 127.0.0.1:6443: socket: operation not permitted
[command failed]

$ kubectl get pods -n ai-stack -o wide
E0216 01:57:35.589305  426903 memcache.go:265] "Unhandled Error" err="couldn't get current server API group list: Get \"https://127.0.0.1:6443/api?timeout=32s\": dial tcp 127.0.0.1:6443: socket: operation not permitted"
E0216 01:57:35.589868  426903 memcache.go:265] "Unhandled Error" err="couldn't get current server API group list: Get \"https://127.0.0.1:6443/api?timeout=32s\": dial tcp 127.0.0.1:6443: socket: operation not permitted"
E0216 01:57:35.591482  426903 memcache.go:265] "Unhandled Error" err="couldn't get current server API group list: Get \"https://127.0.0.1:6443/api?timeout=32s\": dial tcp 127.0.0.1:6443: socket: operation not permitted"
E0216 01:57:35.591923  426903 memcache.go:265] "Unhandled Error" err="couldn't get current server API group list: Get \"https://127.0.0.1:6443/api?timeout=32s\": dial tcp 127.0.0.1:6443: socket: operation not permitted"
E0216 01:57:35.593500  426903 memcache.go:265] "Unhandled Error" err="couldn't get current server API group list: Get \"https://127.0.0.1:6443/api?timeout=32s\": dial tcp 127.0.0.1:6443: socket: operation not permitted"
Unable to connect to the server: dial tcp 127.0.0.1:6443: socket: operation not permitted
[command failed]

$ kubectl get deploy -n ai-stack
E0216 01:57:35.771334  426929 memcache.go:265] "Unhandled Error" err="couldn't get current server API group list: Get \"https://127.0.0.1:6443/api?timeout=32s\": dial tcp 127.0.0.1:6443: socket: operation not permitted"
E0216 01:57:35.771777  426929 memcache.go:265] "Unhandled Error" err="couldn't get current server API group list: Get \"https://127.0.0.1:6443/api?timeout=32s\": dial tcp 127.0.0.1:6443: socket: operation not permitted"
E0216 01:57:35.773488  426929 memcache.go:265] "Unhandled Error" err="couldn't get current server API group list: Get \"https://127.0.0.1:6443/api?timeout=32s\": dial tcp 127.0.0.1:6443: socket: operation not permitted"
E0216 01:57:35.773913  426929 memcache.go:265] "Unhandled Error" err="couldn't get current server API group list: Get \"https://127.0.0.1:6443/api?timeout=32s\": dial tcp 127.0.0.1:6443: socket: operation not permitted"
E0216 01:57:35.775462  426929 memcache.go:265] "Unhandled Error" err="couldn't get current server API group list: Get \"https://127.0.0.1:6443/api?timeout=32s\": dial tcp 127.0.0.1:6443: socket: operation not permitted"
Unable to connect to the server: dial tcp 127.0.0.1:6443: socket: operation not permitted
[command failed]

$ kubectl get svc -n ai-stack
E0216 01:57:35.962587  426954 memcache.go:265] "Unhandled Error" err="couldn't get current server API group list: Get \"https://127.0.0.1:6443/api?timeout=32s\": dial tcp 127.0.0.1:6443: socket: operation not permitted"
E0216 01:57:35.963070  426954 memcache.go:265] "Unhandled Error" err="couldn't get current server API group list: Get \"https://127.0.0.1:6443/api?timeout=32s\": dial tcp 127.0.0.1:6443: socket: operation not permitted"
E0216 01:57:35.964726  426954 memcache.go:265] "Unhandled Error" err="couldn't get current server API group list: Get \"https://127.0.0.1:6443/api?timeout=32s\": dial tcp 127.0.0.1:6443: socket: operation not permitted"
E0216 01:57:35.965259  426954 memcache.go:265] "Unhandled Error" err="couldn't get current server API group list: Get \"https://127.0.0.1:6443/api?timeout=32s\": dial tcp 127.0.0.1:6443: socket: operation not permitted"
E0216 01:57:35.966853  426954 memcache.go:265] "Unhandled Error" err="couldn't get current server API group list: Get \"https://127.0.0.1:6443/api?timeout=32s\": dial tcp 127.0.0.1:6443: socket: operation not permitted"
Unable to connect to the server: dial tcp 127.0.0.1:6443: socket: operation not permitted
[command failed]

$ kubectl get events -n ai-stack --sort-by=.lastTimestamp
E0216 01:57:36.147854  426979 memcache.go:265] "Unhandled Error" err="couldn't get current server API group list: Get \"https://127.0.0.1:6443/api?timeout=32s\": dial tcp 127.0.0.1:6443: socket: operation not permitted"
E0216 01:57:36.148478  426979 memcache.go:265] "Unhandled Error" err="couldn't get current server API group list: Get \"https://127.0.0.1:6443/api?timeout=32s\": dial tcp 127.0.0.1:6443: socket: operation not permitted"
E0216 01:57:36.150184  426979 memcache.go:265] "Unhandled Error" err="couldn't get current server API group list: Get \"https://127.0.0.1:6443/api?timeout=32s\": dial tcp 127.0.0.1:6443: socket: operation not permitted"
E0216 01:57:36.150674  426979 memcache.go:265] "Unhandled Error" err="couldn't get current server API group list: Get \"https://127.0.0.1:6443/api?timeout=32s\": dial tcp 127.0.0.1:6443: socket: operation not permitted"
E0216 01:57:36.152300  426979 memcache.go:265] "Unhandled Error" err="couldn't get current server API group list: Get \"https://127.0.0.1:6443/api?timeout=32s\": dial tcp 127.0.0.1:6443: socket: operation not permitted"
Unable to connect to the server: dial tcp 127.0.0.1:6443: socket: operation not permitted
[command failed]

## Local Health Endpoints

$ curl -fsS http://localhost:8091/health
curl: (7) failed to open socket: Operation not permitted
[command failed]

$ curl -fsS http://localhost:8092/health
curl: (7) failed to open socket: Operation not permitted
[command failed]

$ curl -fsS http://localhost:8081/health
curl: (7) failed to open socket: Operation not permitted
[command failed]

## Container Runtime

$ podman ps --format table {{.ID}}\t{{.Image}}\t{{.Status}}\t{{.Names}}
Error: acquiring runtime init lock: open /run/user/1000/libpod/tmp/alive.lck: open /run/user/1000/libpod/tmp/alive.lck: permission denied
[command failed]

## Network Ports

$ ss -tuln
Cannot open netlink socket: Operation not permitted
Cannot open netlink socket: Operation not permitted
Netid State  Recv-Q Send-Q  Local Address:Port  Peer Address:Port
udp   UNCONN 0      0       192.168.122.1:53         0.0.0.0:*   
udp   UNCONN 0      0          127.0.0.54:53         0.0.0.0:*   
udp   UNCONN 0      0          127.0.0.53:53         0.0.0.0:*   
udp   UNCONN 0      0             0.0.0.0:67         0.0.0.0:*   
udp   UNCONN 0      0      192.168.86.173:68         0.0.0.0:*   
udp   UNCONN 0      0             0.0.0.0:33733      0.0.0.0:*   
udp   UNCONN 0      0             0.0.0.0:5353       0.0.0.0:*   
udp   UNCONN 0      0             0.0.0.0:5355       0.0.0.0:*   
udp   UNCONN 0      0           127.0.0.1:8125       0.0.0.0:*   
udp   UNCONN 0      0             0.0.0.0:8472       0.0.0.0:*   
udp   UNCONN 0      0                   *:34887            *:*   
udp   UNCONN 0      0                   *:5353             *:*   
udp   UNCONN 0      0                   *:5355             *:*   
udp   UNCONN 0      0               [::1]:8125             *:*   
tcp   LISTEN 0      0             0.0.0.0:5355       0.0.0.0:*   
tcp   LISTEN 0      0           127.0.0.1:31637      0.0.0.0:*   
tcp   LISTEN 0      0             0.0.0.0:8095       0.0.0.0:*   
tcp   LISTEN 0      0           127.0.0.1:30569      0.0.0.0:*   
tcp   LISTEN 0      0           127.0.0.1:11595      0.0.0.0:*   
tcp   LISTEN 0      0           127.0.0.1:10257      0.0.0.0:*   
tcp   LISTEN 0      0           127.0.0.1:10256      0.0.0.0:*   
tcp   LISTEN 0      0           127.0.0.1:10259      0.0.0.0:*   
tcp   LISTEN 0      0           127.0.0.1:10258      0.0.0.0:*   
tcp   LISTEN 0      0           127.0.0.1:10249      0.0.0.0:*   
tcp   LISTEN 0      0           127.0.0.1:10248      0.0.0.0:*   
tcp   LISTEN 0      0           127.0.0.1:10010      0.0.0.0:*   
tcp   LISTEN 0      0           127.0.0.1:8889       0.0.0.0:*   
tcp   LISTEN 0      0           127.0.0.1:8888       0.0.0.0:*   
tcp   LISTEN 0      0           127.0.0.1:8503       0.0.0.0:*   
tcp   LISTEN 0      0           127.0.0.1:8125       0.0.0.0:*   
tcp   LISTEN 0      0          127.0.0.53:53         0.0.0.0:*   
tcp   LISTEN 0      0       192.168.122.1:53         0.0.0.0:*   
tcp   LISTEN 0      0           127.0.0.1:6444       0.0.0.0:*   
tcp   LISTEN 0      0          127.0.0.54:53         0.0.0.0:*   
tcp   LISTEN 0      0           127.0.0.1:19999      0.0.0.0:*   
tcp   LISTEN 0      0           127.0.0.1:20031      0.0.0.0:*   
tcp   LISTEN 0      0           127.0.0.1:35786      0.0.0.0:*   
tcp   LISTEN 0      0           127.0.0.1:2375       0.0.0.0:*   
tcp   LISTEN 0      0           127.0.0.1:17271      0.0.0.0:*   
tcp   LISTEN 0      0                   *:5355             *:*   
tcp   LISTEN 0      0                   *:5000             *:*   
tcp   LISTEN 0      0                   *:6443             *:*   
tcp   LISTEN 0      0                   *:51000            *:*   
tcp   LISTEN 0      0               [::1]:23297            *:*   
tcp   LISTEN 0      0                   *:3000             *:*   
tcp   LISTEN 0      0               [::1]:8125             *:*   
tcp   LISTEN 0      0                   *:10250            *:*   
tcp   LISTEN 0      0               [::1]:32385            *:*   
